
> frontend@0.1.0 build
> next build

Γû▓ Next.js 16.1.6 (Turbopack)

  Creating an optimized production build ...
Γ£ô Compiled successfully in 7.0s
  Running TypeScript ...
node.exe : Failed to compile.
At line:1 char:1
+ & "C:\Program Files\nodejs/node.exe" "C:\Program 
Files\nodejs/node_mo ...
+ ~~~~~~~~~~~~~~~~~~~~~~~~~~~~~~~~~~~~~~~~~~~~~~~~~
~~~~~~~~~~~~~~~~~~~~
    + CategoryInfo          : NotSpecified: (Faile 
   d to compile.:String) [], RemoteException
    + FullyQualifiedErrorId : NativeCommandError
 

./app/page.tsx:298:17
Type error: Type '{ hidden: { opacity: number; y: 
number; }; show: (delay?: number) => { opacity: 
number; y: number; transition: { duration: number; 
ease: number[]; delay: number; }; }; }' is not 
assignable to type 'Variants'.
  Property 'show' is incompatible with index 
signature.
    Type '(delay?: number) => { opacity: number; 
y: number; transition: { duration: number; ease: 
number[]; delay: number; }; }' is not assignable 
to type 'Variant'.
      Type '(delay?: number) => { opacity: number; 
y: number; transition: { duration: number; ease: 
number[]; delay: number; }; }' is not assignable 
to type 'TargetResolver'.
        Type '{ opacity: number; y: number; 
transition: { duration: number; ease: number[]; 
delay: number; }; }' is not assignable to type 
'string | TargetAndTransition'.
          Type '{ opacity: number; y: number; 
transition: { duration: number; ease: number[]; 
delay: number; }; }' is not assignable to type 
'TargetAndTransition'.
            Type '{ opacity: number; y: number; 
transition: { duration: number; ease: number[]; 
delay: number; }; }' is not assignable to type '{ 
transition?: Transition<any> | undefined; 
transitionEnd?: ResolvedValues$1 | undefined; }'.
              Types of property 'transition' are 
incompatible.
                Type '{ duration: number; ease: 
number[]; delay: number; }' is not assignable to 
type 'Transition<any> | undefined'.
                  Type '{ duration: number; ease: 
number[]; delay: number; }' is not assignable to 
type 'TransitionWithValueOverrides<any>'.
                    Type '{ duration: number; 
ease: number[]; delay: number; }' is not 
assignable to type 'ValueAnimationTransition<any>'.
                      Types of property 'ease' are 
incompatible.
                        Type 'number[]' is not 
assignable to type 'Easing | Easing[] | undefined'.
                          Type 'number[]' is not 
assignable to type 'EasingFunction | Easing[]'.
                            Type 'number[]' is not 
assignable to type 'Easing[]'.
                              Type 'number' is not 
assignable to type 'Easing'.

[0m [90m 296 |[39m               {[90m/* Badge 
*/[39m}
 [90m 297 |[39m               
[33m<[39m[33mmotion[39m[33m.[39mdiv
[31m[1m>[22m[39m[90m 298 |[39m               
  variants[33m=[39m{fadeUp}
 [90m     |[39m                 
[31m[1m^[22m[39m
 [90m 299 |[39m                 
initial[33m=[39m[32m"hidden"[39m
 [90m 300 |[39m                 
animate[33m=[39m[32m"show"[39m
 [90m 301 |[39m                 
custom[33m=[39m{[35m0[39m}[0m
Next.js build worker exited with code: 1 and 
signal: null
